
> vite_react_shadcn_ts@0.0.0 build
> vite build

[36mvite v5.4.19 [32mbuilding for production...[36m[39m
transforming...
node.exe : Browserslist: browsers data (caniuse-lite) is 11 months old. Please run:
Au caractère Ligne:1 : 1
+ & "C:\Program Files\nodejs/node.exe" "C:\Program Files\nodejs/node_mo ...
+ ~~~~~~~~~~~~~~~~~~~~~~~~~~~~~~~~~~~~~~~~~~~~~~~~~~~~~~~~~~~~~~~~~~~~~
    + CategoryInfo          : NotSpecified: (Browserslist: b...ld. Please run::String) [], RemoteException
    + FullyQualifiedErrorId : NativeCommandError
 
  npx update-browserslist-db@latest
  Why you should do it regularly: https://github.com/browserslist/update-db#readme
[33m[vite:css] @import must precede all other statements (besides @charset or empty @layer)
10 |     ===================================================================== */
11 |  
12 |  @import 
url('https://fonts.googleapis.com/css2?family=Outfit:wght@100..900&family=Cairo:wght@200..1000&display=swap');
   |  
^^^^^^^^^^^^^^^^^^^^^^^^^^^^^^^^^^^^^^^^^^^^^^^^^^^^^^^^^^^^^^^^^^^^^^^^^^^^^^^^^^^^^^^^^^^^^^^^^^^^^^^^^^^^^^^^^^^^^^
13 |  
14 |  @layer base {[39m
[32mÔ£ô[39m 74 modules transformed.
[31mx[39m Build failed in 8.27s
[31merror during build:
[31m[vite:esbuild] Transform failed with 1 error:
C:/Users/Chikh 
Madjid/Downloads/cinematic-world-flow-main/cinematic-world-flow-main/src/components/movie/MovieRow.tsx:83:1: ERROR: 
Expected ")" but found ";"[31m
file: [36mC:/Users/Chikh 
Madjid/Downloads/cinematic-world-flow-main/cinematic-world-flow-main/src/components/movie/MovieRow.tsx:83:1[31m
[33m
[33mExpected ")" but found ";"[33m
81 |      </section>
82 |    );
83 |  };
   |   ^
84 |  
[31m
    at failureErrorWithLog (C:\Users\Chikh 
Madjid\Downloads\cinematic-world-flow-main\cinematic-world-flow-main\node_modules\esbuild\lib\main.js:1472:15)
    at C:\Users\Chikh 
Madjid\Downloads\cinematic-world-flow-main\cinematic-world-flow-main\node_modules\esbuild\lib\main.js:755:50
    at responseCallbacks.<computed> (C:\Users\Chikh 
Madjid\Downloads\cinematic-world-flow-main\cinematic-world-flow-main\node_modules\esbuild\lib\main.js:622:9)
    at handleIncomingPacket (C:\Users\Chikh 
Madjid\Downloads\cinematic-world-flow-main\cinematic-world-flow-main\node_modules\esbuild\lib\main.js:677:12)
    at Socket.readFromStdout (C:\Users\Chikh 
Madjid\Downloads\cinematic-world-flow-main\cinematic-world-flow-main\node_modules\esbuild\lib\main.js:600:7)
    at Socket.emit (node:events:519:28)
    at addChunk (node:internal/streams/readable:561:12)
    at readableAddChunkPushByteMode (node:internal/streams/readable:512:3)
    at Readable.push (node:internal/streams/readable:392:5)
    at Pipe.onStreamRead (node:internal/stream_base_commons:189:23)[39m
